2021-06-07 19:21:37,639:DEBUG:Add: 20 + 10 = 30
2021-06-07 19:21:37,639:DEBUG:Sub: 20 - 10 = 10
2021-06-07 19:21:37,639:DEBUG:Mul: 20 * 10 = 200
2021-06-07 19:21:37,639:DEBUG:Div: 20 / 10 = 2.0
2021-06-07 19:27:44,581:DEBUG:Add: 20 + 10 = 30
2021-06-07 19:27:44,581:DEBUG:Sub: 20 - 10 = 10
2021-06-07 19:27:44,582:DEBUG:Mul: 20 * 10 = 200
2021-06-07 19:27:44,582:DEBUG:Div: 20 / 10 = 2.0
2021-06-07 19:28:23,234:DEBUG:Add: 20 + 10 = 30
2021-06-07 19:28:23,234:DEBUG:Sub: 20 - 10 = 10
2021-06-07 19:28:23,234:DEBUG:Mul: 20 * 10 = 200
2021-06-07 19:28:23,234:DEBUG:Div: 20 / 10 = 2.0
2021-06-07 19:56:43,364:INFO:Created Employee: John Smith - John.Smith@email.com
2021-06-07 19:56:43,364:INFO:Created Employee: Corey Schafer - Corey.Schafer@email.com
2021-06-07 19:56:43,399:INFO:Created Employee: Jane Doe - Jane.Doe@email.com
